Error: failed to run main module `abort.c.---.wasm`

Caused by:
    0: failed to invoke command default
    1: error while executing at wasm backtrace:
    2: wasm trap: wasm `unreachable` instruction executed
